--------------------------------------------------------------------------------------
Timing Analyzer Summary
--------------------------------------------------------------------------------------

Type           : Worst-case tsu
Slack          : N/A
Required Time  : None
Actual Time    : 1.200 ns
From           : EntradaSerial
To             : SerialPararelo:inst2|inst10
From Clock     : --
To Clock       : Clk
Failed Paths   : 0

Type           : Worst-case tco
Slack          : N/A
Required Time  : None
Actual Time    : 24.700 ns
From           : Sincronizar:inst36|Contador10:inst36|inst1
To             : 2em2
From Clock     : Sincronizando
To Clock       : --
Failed Paths   : 0

Type           : Worst-case th
Slack          : N/A
Required Time  : None
Actual Time    : 0.700 ns
From           : EntradaSerial
To             : SerialPararelo:inst2|inst10
From Clock     : --
To Clock       : Clk
Failed Paths   : 0

Type           : Clock Setup: 'Sincronizando'
Slack          : N/A
Required Time  : None
Actual Time    : Restricted to 200.00 MHz ( period = 5.000 ns )
From           : Sincronizar:inst36|Contador10:inst36|inst2
To             : Sincronizar:inst36|Contador10:inst36|inst
From Clock     : Sincronizando
To Clock       : Sincronizando
Failed Paths   : 0

Type           : Clock Hold: 'Sincronizando'
Slack          : Not operational: Clock Skew > Data Delay
Required Time  : None
Actual Time    : N/A
From           : Sincronizar:inst36|Contador10:inst36|inst3
To             : Sincronizar:inst36|Contador10:inst36|inst2
From Clock     : Sincronizando
To Clock       : Sincronizando
Failed Paths   : 27

Type           : Total number of failed paths
Slack          : 
Required Time  : 
Actual Time    : 
From           : 
To             : 
From Clock     : 
To Clock       : 
Failed Paths   : 27

--------------------------------------------------------------------------------------

